["中国,浙江,舟山,","中国,浙江,杭州,","中国,浙江,上海,","中国,上海,舟山,","中国,上海,杭州,","中国,上海,上海,"]