["浙江,舟山,","浙江,杭州,","浙江,上海,","上海,舟山,","上海,杭州,","上海,上海,"]